=====================
2.В таблице products есть два текстовых поля: name с названием товара и description с его описанием.
Допустимо присутствие обоих полей или одно из них. Ситуация, когда оба поля принимают неопределенное значение NULL неприемлема.
Используя триггеры, добейтесь того, чтобы одно из этих полей или оба поля были заполнены.
При попытке присвоить полям NULL-значение необходимо отменить операцию.
=====================

За изменение данных в базе отвечают INSERT и UPDATE запросы, напишу для обоих случаев 2 триггера

CREATE TRIGGER prohibid_insert_empty_name_products
BEFORE INSERT ON products
FOR EACH ROW
BEGIN
IF (NEW.name is NULL) AND (NEW.description is NULL) THEN
SIGNAL SQLSTATE '45000' SET MESSAGE_TEXT = 'Prohibided to insert name or description with empty value';
END IF;
END//

CREATE TRIGGER prohibid_update_empty_name_products
BEFORE UPDATE ON products
FOR EACH ROW
BEGIN
IF (NEW.name is NULL) AND (NEW.description is NULL) THEN
SIGNAL SQLSTATE '45000' SET MESSAGE_TEXT = 'Prohibided to update name and description with empty value';
END IF;
END//

Тестовые запросы:

------UPDATE---------

mysql>  update products set name='aaa' where catalog_id=2//
Query OK, 0 rows affected (0.01 sec)
Rows matched: 5  Changed: 0  Warnings: 0

mysql> update products set name='aaa',description='aaa' where catalog_id=2//
Query OK, 5 rows affected (0.04 sec)
Rows matched: 5  Changed: 5  Warnings: 0

mysql> update products set name=NULL,description=NULL where catalog_id=2//
ERROR 1644 (45000): Prohibided to update name and description with empty value

------INSERT---------

mysql> insert into products value (NULL,NULL,NULL,100,2,now(),now())//
ERROR 1644 (45000): Prohibided to insert name or description with empty value

mysql> insert into products value (NULL,'aaa',NULL,100,2,now(),now())//
Query OK, 1 row affected (0.03 sec)

mysql> insert into products value (NULL,NULL,'aaa',100,2,now(),now())//
Query OK, 1 row affected (0.04 sec)


